[INFO] Scanning for projects...
[INFO] 
[INFO] --------------------------< com.zjgsu.yz:gym >--------------------------
[INFO] Building gym 0.0.1-SNAPSHOT
[INFO]   from pom.xml
[INFO] --------------------------------[ jar ]---------------------------------
[INFO] 
[INFO] >>> spring-boot:4.0.8:run (default-cli) > test-compile @ gym >>>
[INFO] 
[INFO] --- resources:3.3.1:resources (default-resources) @ gym ---
[INFO] Copying 1 resource from src\main\resources to target\classes
[INFO] Copying 0 resource from src\main\resources to target\classes
[INFO] 
[INFO] --- compiler:3.14.1:compile (default-compile) @ gym ---
[INFO] Nothing to compile - all classes are up to date.
[INFO] 
[INFO] --- resources:3.3.1:testResources (default-testResources) @ gym ---
[INFO] skip non existing resourceDirectory D:\IDEA.Code\gym\monolith\src\test\resources
[INFO] 
[INFO] --- compiler:3.14.1:testCompile (default-testCompile) @ gym ---
[INFO] Recompiling the module because of changed source code.
[INFO] Compiling 2 source files with javac [debug parameters release 21] to target\test-classes
[INFO] 
[INFO] <<< spring-boot:4.0.8:run (default-cli) < test-compile @ gym <<<
[INFO] 
[INFO] 
[INFO] --- spring-boot:4.0.8:run (default-cli) @ gym ---
[INFO] Attaching agents: []

  .   ____          _            __ _ _
 /\\ / ___'_ __ _ _(_)_ __  __ _ \ \ \ \
( ( )\___ | '_ | '_| | '_ \/ _` | \ \ \ \
 \\/  ___)| |_)| | | | | || (_| |  ) ) ) )
  '  |____| .__|_| |_|_| |_\__, | / / / /
 =========|_|==============|___/=/_/_/_/

 :: Spring Boot ::                (v4.0.8)

2026-09-28T21:11:18.092+08:00  INFO 34076 --- [gym] [           main] com.zjgsu.yz.gym.GymApplication          : Starting GymApplication using Java 21.0.12.1 with PID 34076 (D:\IDEA.Code\gym\monolith\target\classes started by Yu in D:\IDEA.Code\gym\monolith)
2026-09-28T21:11:18.093+08:00  INFO 34076 --- [gym] [           main] com.zjgsu.yz.gym.GymApplication          : No active profile set, falling back to 1 default profile: "default"
2026-09-28T21:11:18.741+08:00  INFO 34076 --- [gym] [           main] o.s.boot.tomcat.TomcatWebServer          : Tomcat initialized with port 8080 (http)
2026-09-28T21:11:18.753+08:00  INFO 34076 --- [gym] [           main] o.apache.catalina.core.StandardService   : Starting service [Tomcat]
2026-09-28T21:11:18.753+08:00  INFO 34076 --- [gym] [           main] o.apache.catalina.core.StandardEngine    : Starting Servlet engine: [Apache Tomcat/11.0.24]
2026-09-28T21:11:18.795+08:00  INFO 34076 --- [gym] [           main] b.w.c.s.WebApplicationContextInitializer : Root WebApplicationContext: initialization completed in 668 ms
2026-09-28T21:11:19.112+08:00  INFO 34076 --- [gym] [           main] o.s.b.a.e.web.EndpointLinksResolver      : Exposing 2 endpoints beneath base path '/actuator'
2026-09-28T21:11:19.160+08:00  INFO 34076 --- [gym] [           main] o.s.boot.tomcat.TomcatWebServer          : Tomcat started on port 8080 (http) with context path '/'
2026-09-28T21:11:19.164+08:00  INFO 34076 --- [gym] [           main] com.zjgsu.yz.gym.GymApplication          : Started GymApplication in 1.372 seconds (process running for 1.593)
2026-09-28T21:11:20.719+08:00  INFO 34076 --- [gym] [nio-8080-exec-1] o.a.c.c.C.[Tomcat].[localhost].[/]       : Initializing Spring DispatcherServlet 'dispatcherServlet'
2026-09-28T21:11:20.719+08:00  INFO 34076 --- [gym] [nio-8080-exec-1] o.s.web.servlet.DispatcherServlet        : Initializing Servlet 'dispatcherServlet'
2026-09-28T21:11:20.720+08:00  INFO 34076 --- [gym] [nio-8080-exec-1] o.s.web.servlet.DispatcherServlet        : Completed initialization in 1 ms
